innovar\io\grifo\config\AppResponse$1.class
innovar\io\grifo\repository\UbigeoDaoImpl.class
innovar\io\grifo\entity\Pojo.class
innovar\io\grifo\entity\UnitCost.class
innovar\io\grifo\repository\UbigeoDao.class
innovar\io\grifo\config\AppError.class
innovar\io\grifo\config\captcha\SSLByPass.class
innovar\io\grifo\GrifoApplication.class
innovar\io\grifo\controller\PersonController.class
innovar\io\grifo\config\AppResponse.class
innovar\io\grifo\entity\NumberOfPrint.class
innovar\io\grifo\config\CountObject.class
innovar\io\grifo\config\ExceptionHandling\DuplicateUserNameException.class
innovar\io\grifo\controller\MovementController.class
innovar\io\grifo\dto\RequestUserDto.class
innovar\io\grifo\dto\ResponseUserDto.class
innovar\io\grifo\service\ConfigService.class
innovar\io\grifo\security\Jwt$1.class
innovar\io\grifo\entity\config.class
innovar\io\grifo\entity\PropertiesUbigeo.class
innovar\io\grifo\security\UserMetadate.class
innovar\io\grifo\controller\UbigeoController.class
innovar\io\grifo\config\captcha\SSLByPass$1.class
innovar\io\grifo\config\ExceptionHandling\AuthorizationException.class
innovar\io\grifo\config\ExceptionHandling\UserNotFoundException.class
innovar\io\grifo\entity\Person.class
innovar\io\grifo\service\PersonService.class
innovar\io\grifo\controller\ConfigControllerr.class
innovar\io\grifo\entity\Employe.class
innovar\io\grifo\controller\PojoControllerr.class
innovar\io\grifo\config\ExceptionHandling\UserWithouhtFunctionsException.class
innovar\io\grifo\controller\ProductController.class
innovar\io\grifo\entity\Address.class
innovar\io\grifo\entity\GeometryUbigeo.class
innovar\io\grifo\config\ExceptionHandling\WebException.class
innovar\io\grifo\config\captcha\BusquedaCookie.class
innovar\io\grifo\dto\LocalizationDto.class
innovar\io\grifo\config\ExceptionHandling\RequestException.class
innovar\io\grifo\repository\ProductDao.class
innovar\io\grifo\dto\LoginDto.class
innovar\io\grifo\service\ProductService.class
innovar\io\grifo\security\CorsConfiguration.class
innovar\io\grifo\service\NumOfBill.class
innovar\io\grifo\repository\ConfigDao.class
innovar\io\grifo\repository\UserDao.class
innovar\io\grifo\dto\RequestExsistentUserDto.class
innovar\io\grifo\controller\UserController.class
innovar\io\grifo\config\ExceptionHandling\MetadateException.class
innovar\io\grifo\entity\Product.class
innovar\io\grifo\entity\Configt.class
innovar\io\grifo\entity\MovementDetail.class
innovar\io\grifo\entity\Audit.class
innovar\io\grifo\config\ExceptionHandling\SystemException.class
innovar\io\grifo\config\ExceptionHandling\BaseException.class
innovar\io\grifo\dto\RequestMovementDetailDto.class
innovar\io\grifo\repository\EmployesDao.class
innovar\io\grifo\config\ExceptionHandling\ObjetcNotFoundException.class
innovar\io\grifo\dto\RequestMovementDto.class
innovar\io\grifo\entity\Company.class
innovar\io\grifo\config\captcha\ejecutar.class
innovar\io\grifo\repository\PersonDao.class
innovar\io\grifo\entity\SpringSecurityAuditorAware.class
innovar\io\grifo\config\AppProperties.class
innovar\io\grifo\config\ExceptionHandling\HeaderException.class
innovar\io\grifo\service\PojoService.class
innovar\io\grifo\config\captcha\CaptchaResolv.class
innovar\io\grifo\config\ExceptionHandling\DuplicateIdException.class
innovar\io\grifo\service\UbigeoService.class
innovar\io\grifo\repository\MovementDao.class
innovar\io\grifo\config\captcha\PeticionCookie.class
innovar\io\grifo\entity\Movement.class
innovar\io\grifo\entity\Ubigeo.class
innovar\io\grifo\repository\PojoDao.class
innovar\io\grifo\security\Jwt.class
innovar\io\grifo\service\EmployesService.class
innovar\io\grifo\dto\ResponseMovementDto.class
innovar\io\grifo\entity\User.class
innovar\io\grifo\service\UserService.class
