C:\Users\warre\Downloads\Compressed\taller_spring_webFlux\grifo\src\main\java\innovar\io\grifo\entity\Person.java
C:\Users\warre\Downloads\Compressed\taller_spring_webFlux\grifo\src\main\java\innovar\io\grifo\service\EmployesService.java
C:\Users\warre\Downloads\Compressed\taller_spring_webFlux\grifo\src\main\java\innovar\io\grifo\config\ExceptionHandling\DuplicateIdException.java
C:\Users\warre\Downloads\Compressed\taller_spring_webFlux\grifo\src\main\java\innovar\io\grifo\config\models\Detail.java
C:\Users\warre\Downloads\Compressed\taller_spring_webFlux\grifo\src\main\java\innovar\io\grifo\entity\Employe.java
C:\Users\warre\Downloads\Compressed\taller_spring_webFlux\grifo\src\main\java\innovar\io\grifo\controller\UserController.java
C:\Users\warre\Downloads\Compressed\taller_spring_webFlux\grifo\src\main\java\innovar\io\grifo\controller\ConfigControllerr.java
C:\Users\warre\Downloads\Compressed\taller_spring_webFlux\grifo\src\main\java\innovar\io\grifo\repository\PojoDao.java
C:\Users\warre\Downloads\Compressed\taller_spring_webFlux\grifo\src\main\java\innovar\io\grifo\service\ProductService.java
C:\Users\warre\Downloads\Compressed\taller_spring_webFlux\grifo\src\main\java\innovar\io\grifo\config\captcha\PeticionCookie.java
C:\Users\warre\Downloads\Compressed\taller_spring_webFlux\grifo\src\main\java\innovar\io\grifo\dto\RequestExsistentUserDto.java
C:\Users\warre\Downloads\Compressed\taller_spring_webFlux\grifo\src\main\java\innovar\io\grifo\config\captcha\ejecutar.java
C:\Users\warre\Downloads\Compressed\taller_spring_webFlux\grifo\src\main\java\innovar\io\grifo\config\ExceptionHandling\HeaderException.java
C:\Users\warre\Downloads\Compressed\taller_spring_webFlux\grifo\src\main\java\innovar\io\grifo\repository\ConfigDao.java
C:\Users\warre\Downloads\Compressed\taller_spring_webFlux\grifo\src\main\java\innovar\io\grifo\service\UserService.java
C:\Users\warre\Downloads\Compressed\taller_spring_webFlux\grifo\src\main\java\innovar\io\grifo\config\AppProperties.java
C:\Users\warre\Downloads\Compressed\taller_spring_webFlux\grifo\src\main\java\innovar\io\grifo\controller\PersonController.java
C:\Users\warre\Downloads\Compressed\taller_spring_webFlux\grifo\src\main\java\innovar\io\grifo\config\ExceptionHandling\MetadateException.java
C:\Users\warre\Downloads\Compressed\taller_spring_webFlux\grifo\src\main\java\innovar\io\grifo\config\captcha\SSLByPass.java
C:\Users\warre\Downloads\Compressed\taller_spring_webFlux\grifo\src\main\java\innovar\io\grifo\security\Jwt.java
C:\Users\warre\Downloads\Compressed\taller_spring_webFlux\grifo\src\main\java\innovar\io\grifo\config\ExceptionHandling\ObjetcNotFoundException.java
C:\Users\warre\Downloads\Compressed\taller_spring_webFlux\grifo\src\main\java\innovar\io\grifo\service\PersonService.java
C:\Users\warre\Downloads\Compressed\taller_spring_webFlux\grifo\src\main\java\innovar\io\grifo\config\captcha\NodeController.java
C:\Users\warre\Downloads\Compressed\taller_spring_webFlux\grifo\src\main\java\innovar\io\grifo\config\captcha\CaptchaResolv.java
C:\Users\warre\Downloads\Compressed\taller_spring_webFlux\grifo\src\main\java\innovar\io\grifo\entity\NumberOfPrint.java
C:\Users\warre\Downloads\Compressed\taller_spring_webFlux\grifo\src\main\java\innovar\io\grifo\dto\RequestMovementDetailDto.java
C:\Users\warre\Downloads\Compressed\taller_spring_webFlux\grifo\src\main\java\innovar\io\grifo\controller\MovementController.java
C:\Users\warre\Downloads\Compressed\taller_spring_webFlux\grifo\src\main\java\innovar\io\grifo\dto\RequestMovementDto.java
C:\Users\warre\Downloads\Compressed\taller_spring_webFlux\grifo\src\main\java\innovar\io\grifo\entity\GeometryUbigeo.java
C:\Users\warre\Downloads\Compressed\taller_spring_webFlux\grifo\src\main\java\innovar\io\grifo\config\captcha\BusquedaCookie.java
C:\Users\warre\Downloads\Compressed\taller_spring_webFlux\grifo\src\main\java\innovar\io\grifo\config\ExceptionHandling\UserNotFoundException.java
C:\Users\warre\Downloads\Compressed\taller_spring_webFlux\grifo\src\main\java\innovar\io\grifo\config\models\NodeController.java
C:\Users\warre\Downloads\Compressed\taller_spring_webFlux\grifo\src\main\java\innovar\io\grifo\repository\UbigeoDao.java
C:\Users\warre\Downloads\Compressed\taller_spring_webFlux\grifo\src\main\java\innovar\io\grifo\GrifoApplication.java
C:\Users\warre\Downloads\Compressed\taller_spring_webFlux\grifo\src\main\java\innovar\io\grifo\controller\PojoControllerr.java
C:\Users\warre\Downloads\Compressed\taller_spring_webFlux\grifo\src\main\java\innovar\io\grifo\service\PojoService.java
C:\Users\warre\Downloads\Compressed\taller_spring_webFlux\grifo\src\main\java\innovar\io\grifo\controller\ProductController.java
C:\Users\warre\Downloads\Compressed\taller_spring_webFlux\grifo\src\main\java\innovar\io\grifo\controller\UbigeoController.java
C:\Users\warre\Downloads\Compressed\taller_spring_webFlux\grifo\src\main\java\innovar\io\grifo\entity\MovementDetail.java
C:\Users\warre\Downloads\Compressed\taller_spring_webFlux\grifo\src\main\java\innovar\io\grifo\config\ExceptionHandling\AuthorizationException.java
C:\Users\warre\Downloads\Compressed\taller_spring_webFlux\grifo\src\main\java\innovar\io\grifo\config\ExceptionHandling\SystemException.java
C:\Users\warre\Downloads\Compressed\taller_spring_webFlux\grifo\src\main\java\innovar\io\grifo\dto\LocalizationDto.java
C:\Users\warre\Downloads\Compressed\taller_spring_webFlux\grifo\src\main\java\innovar\io\grifo\config\ExceptionHandling\BaseException.java
C:\Users\warre\Downloads\Compressed\taller_spring_webFlux\grifo\src\main\java\innovar\io\grifo\entity\Company.java
C:\Users\warre\Downloads\Compressed\taller_spring_webFlux\grifo\src\main\java\innovar\io\grifo\entity\UnitCost.java
C:\Users\warre\Downloads\Compressed\taller_spring_webFlux\grifo\src\main\java\innovar\io\grifo\entity\Address.java
C:\Users\warre\Downloads\Compressed\taller_spring_webFlux\grifo\src\main\java\innovar\io\grifo\repository\UbigeoDaoImpl.java
C:\Users\warre\Downloads\Compressed\taller_spring_webFlux\grifo\src\main\java\innovar\io\grifo\dto\ResponseUserDto.java
C:\Users\warre\Downloads\Compressed\taller_spring_webFlux\grifo\src\main\java\innovar\io\grifo\entity\Audit.java
C:\Users\warre\Downloads\Compressed\taller_spring_webFlux\grifo\src\main\java\innovar\io\grifo\security\CorsConfiguration.java
C:\Users\warre\Downloads\Compressed\taller_spring_webFlux\grifo\src\main\java\innovar\io\grifo\service\ConfigService.java
C:\Users\warre\Downloads\Compressed\taller_spring_webFlux\grifo\src\main\java\innovar\io\grifo\entity\PropertiesUbigeo.java
C:\Users\warre\Downloads\Compressed\taller_spring_webFlux\grifo\src\main\java\innovar\io\grifo\dto\RequestUserDto.java
C:\Users\warre\Downloads\Compressed\taller_spring_webFlux\grifo\src\main\java\innovar\io\grifo\config\ExceptionHandling\UserWithouhtFunctionsException.java
C:\Users\warre\Downloads\Compressed\taller_spring_webFlux\grifo\src\main\java\innovar\io\grifo\service\UbigeoService.java
C:\Users\warre\Downloads\Compressed\taller_spring_webFlux\grifo\src\main\java\innovar\io\grifo\config\ExceptionHandling\WebException.java
C:\Users\warre\Downloads\Compressed\taller_spring_webFlux\grifo\src\main\java\innovar\io\grifo\entity\Product.java
C:\Users\warre\Downloads\Compressed\taller_spring_webFlux\grifo\src\main\java\innovar\io\grifo\config\AppResponse.java
C:\Users\warre\Downloads\Compressed\taller_spring_webFlux\grifo\src\main\java\innovar\io\grifo\entity\Configt.java
C:\Users\warre\Downloads\Compressed\taller_spring_webFlux\grifo\src\main\java\innovar\io\grifo\repository\MovementDao.java
C:\Users\warre\Downloads\Compressed\taller_spring_webFlux\grifo\src\main\java\innovar\io\grifo\security\UserMetadate.java
C:\Users\warre\Downloads\Compressed\taller_spring_webFlux\grifo\src\main\java\innovar\io\grifo\entity\Movement.java
C:\Users\warre\Downloads\Compressed\taller_spring_webFlux\grifo\src\main\java\innovar\io\grifo\entity\Pojo.java
C:\Users\warre\Downloads\Compressed\taller_spring_webFlux\grifo\src\main\java\innovar\io\grifo\config\AppError.java
C:\Users\warre\Downloads\Compressed\taller_spring_webFlux\grifo\src\main\java\innovar\io\grifo\config\ExceptionHandling\DuplicateUserNameException.java
C:\Users\warre\Downloads\Compressed\taller_spring_webFlux\grifo\src\main\java\innovar\io\grifo\repository\ProductDao.java
C:\Users\warre\Downloads\Compressed\taller_spring_webFlux\grifo\src\main\java\innovar\io\grifo\repository\EmployesDao.java
C:\Users\warre\Downloads\Compressed\taller_spring_webFlux\grifo\src\main\java\innovar\io\grifo\config\ExceptionHandling\RequestException.java
C:\Users\warre\Downloads\Compressed\taller_spring_webFlux\grifo\src\main\java\innovar\io\grifo\repository\PersonDao.java
C:\Users\warre\Downloads\Compressed\taller_spring_webFlux\grifo\src\main\java\innovar\io\grifo\dto\LoginDto.java
C:\Users\warre\Downloads\Compressed\taller_spring_webFlux\grifo\src\main\java\innovar\io\grifo\entity\User.java
C:\Users\warre\Downloads\Compressed\taller_spring_webFlux\grifo\src\main\java\innovar\io\grifo\config\models\Controller.java
C:\Users\warre\Downloads\Compressed\taller_spring_webFlux\grifo\src\main\java\innovar\io\grifo\entity\Ubigeo.java
C:\Users\warre\Downloads\Compressed\taller_spring_webFlux\grifo\src\main\java\innovar\io\grifo\dto\ResponseMovementDto.java
C:\Users\warre\Downloads\Compressed\taller_spring_webFlux\grifo\src\main\java\innovar\io\grifo\repository\UserDao.java
